== compose (320x240) ==
  行高 28 ｜ 字号 {'h1': 14, 'h2': 12, 'b1': 12, 'b2': 10} ｜ 圆角 5 ｜ 图标底/图标 16/12 ｜ 箭头 12x16 ｜ 内容 1300 → 视口 160
  图标来源：components/icons（12 处 ｜ 档位 24 档 ×12 ｜ 6 种 名×尺寸×态 组合）
      arrow-left   → control.arrow-left       24px（24 档）state=-
      check        → control.check            24px（24 档）state=-
      loader       → control.loader           24px（24 档）state=-
      photo        → system.photo             24px（24 档）state=-
      refresh      → system.refresh           24px（24 档）state=-
      settings     → system.settings          24px（24 档）state=-
  回退线框 0 处（全部图标来自 components/icons ✓）
  [NOTE] toolbar 固定带 40 px 占标题带位置 → 标题带 40，视口重算为 160
  [NOTE] 内容总高 1300 > 视口 160 → 自动上滑动窗口（行程 1140 px，dragMaxDis=24）
  [NOTE] 固定带自检：内容有效底 200 ≤ 底栏上沿 200（最靠下内容节点 ScrollMain 0,40..320,200；最靠下行/卡底 ChartCard2Bg 16,40..304,200（超出视口部分被引擎裁掉））｜ 相交 0 对
  btn_primary_64x16.png  64x16
  btn_secondary_64x16.png  64x16
  card_288x112.png  288x112
  card_288x172.png  288x172
  card_288x80.png  288x80
  card_288x84.png  288x84
  cb_16_off.png  16x16
  cb_16_on.png  16x16
  chart_bar_272x64.png  272x64
  chart_line_272x64.png  272x64
  chev_12x16.png  12x16
  footbg_320x40.png  320x40
  ic_arrow-left_24.png                     24x24  [components/icons control.arrow-left · 24档 · prebuilt+recolor]
  ic_back_24.png                           24x24  [components/icons control.arrow-left · 24档 · prebuilt+recolor]
  ic_check_24.png                          24x24  [components/icons control.check · 24档 · prebuilt]
  ic_loader_24.png                         24x24  [components/icons control.loader · 24档 · prebuilt+recolor]
  ic_photo_24.png                          24x24  [components/icons system.photo · 24档 · prebuilt+recolor]
  ic_refresh_24.png                        24x24  [components/icons system.refresh · 24档 · prebuilt+recolor]
  ic_settings_24.png                       24x24  [components/icons system.settings · 24档 · prebuilt+recolor]
  key_90x40.png  90x40
  key_92x40.png  92x40
  keybrand_92x40.png  92x40
  sep_272x1.png  272x1
  skel_164x12.png  164x12
  skel_272x12.png  272x12
  sw_36x20_on.png  36x20
  swk_16.png  16x16
  thumb_85x56.png  85x56
  thumb_86x56.png  86x56
  toolbg_320x40.png  320x40
  出图 30 张 → C:\Users\zkswe\.openclaw\workspace\tools\FlyThings_mcp_open\templates\ui_blocks\examples\complex_320x240\project\resources\images
  logic 骨架 → C:\Users\zkswe\.openclaw\workspace\tools\FlyThings_mcp_open\templates\ui_blocks\examples\complex_320x240\project\src\logic\mainLogic.cc（27 个按钮回调 + 1 个输入框回调）
  → C:\Users\zkswe\.openclaw\workspace\tools\FlyThings_mcp_open\templates\ui_blocks\examples\complex_320x240\project\ui\main.json
  控件：顶层 5 个键 ｜ 含嵌套共 127 个控件
-- render --
========================================================================
json2img v0.1.0 — 引擎等价离线渲染（PIL 像素级，静止态）
========================================================================
[render] page=main       json=tools\FlyThings_mcp_open\templates\ui_blocks\examples\complex_320x240\project\ui\main.json
          out=C:\Users\zkswe\.openclaw\workspace\tools\FlyThings_mcp_open\templates\ui_blocks\examples\complex_320x240\project\ui\main.render.png  size=320x240  resolution=320x240  scale=1
          font=C:\Users\zkswe\.openclaw\workspace\tools\FlyThings_mcp_open\components\fonts\fonts\zkswe-hans-common.ttf
          [OK] 尺寸 == resolution × scale
------------------------------------------------------------------------
[unsupported/降级] 1 类：
   - textview       bold                   x6    无 *Bold*.ttf 变体 → 用同字体
     pages: main
     例: textview/Toolbar1Title, textview/ChartCard2Title, textview/ChartCard3Title, textview/SectionHeader4
------------------------------------------------------------------------
[校准状态] alignment（模式 --align-mode measured）
   实测表（真机验证）：36=靠左+垂直居中 37=居中 38=靠右+垂直居中 33=顶部 41=底部
     [measured]     36  → ('l', 'c')   x13
     [measured]     37  → ('c', 'c')   x27
     [measured]     38  → ('r', 'c')   x9
   TODO 待校准（无真机表）：4/5/0/1/6/2 —— 本模式解码：
   合计：实测 49 处 / 待校准 0 处 / 表外 0 处
  渲染图 main.render.png 320x240 ｜ 尺寸 == resolution: True
-- check_all --
  [NOTE] sep_272x1.png                    未登记资产：按 rules.unknown_policy 只 NOTE、不判 FAIL；请在 standard §7.1 分类表补登记
  [NOTE] skel_164x12.png                  未登记资产：按 rules.unknown_policy 只 NOTE、不判 FAIL；请在 standard §7.1 分类表补登记
  [NOTE] skel_272x12.png                  未登记资产：按 rules.unknown_policy 只 NOTE、不判 FAIL；请在 standard §7.1 分类表补登记
  [NOTE] swk_16.png                       未登记资产：按 rules.unknown_policy 只 NOTE、不判 FAIL；请在 standard §7.1 分类表补登记
  [NOTE] thumb_85x56.png                  未登记资产：按 rules.unknown_policy 只 NOTE、不判 FAIL；请在 standard §7.1 分类表补登记
  [NOTE] thumb_86x56.png                  未登记资产：按 rules.unknown_policy 只 NOTE、不判 FAIL；请在 standard §7.1 分类表补登记
  [NOTE] toolbg_320x40.png                未登记资产：按 rules.unknown_policy 只 NOTE、不判 FAIL；请在 standard §7.1 分类表补登记
== 24. 颜色值 0（不透明黑）误用（委派 tools/qa/zero_color_audit.py --fail；0 token 有退出码）==
       references/kb/image-gen-standard.md §7.6：未登记豁免 → FAIL；命中
== 25. 弧线过渡质量（9-patch 圆角 AA；委派 tools/qa/corner_audit.py --arc-only --fail）==
       要求 min_cov ≤ 0.35 且 ≤0.35 的个数 ≥ 2（成组出现）；否则 = 过渡被压进 1px 硬阶梯 → FAIL。
  [NOTE] btn_primary_64x16.png            未登记资产（按 unknown_policy：只 NOTE、不判 FAIL）
  [NOTE] btn_secondary_64x16.png          未登记资产（按 unknown_policy：只 NOTE、不判 FAIL）
  [NOTE] card_288x112.png                 未登记资产（按 unknown_policy：只 NOTE、不判 FAIL）
  [NOTE] card_288x172.png                 未登记资产（按 unknown_policy：只 NOTE、不判 FAIL）
  [NOTE] card_288x80.png                  未登记资产（按 unknown_policy：只 NOTE、不判 FAIL）
  [NOTE] card_288x84.png                  未登记资产（按 unknown_policy：只 NOTE、不判 FAIL）
== 26. scrollwindow 行程核对（行程 = 内层 window − 视口，**不读 dragMaxDis**）==
== 27. 同族控件口径离群 / 文本×图标重叠（设计期拦截；钟工 2026-10-01）==
== 28. UTF-8 文本陷阱（src 静态扫描；钟工 2026-10-01）==
== 29. 显示件吃掉下层触摸（装饰件漏设穿透；钟工 2026-10-01）==
       → 同一 json 内 caption 出现 ≥2 次即 FAIL，并列出「哪个 caption、几次、在哪几个控件」。
== 34. 文本对比度（字色 vs 实际底色；不足 → FAIL；钟工 2026-10-01）==
       σ≤6）不足 → FAIL；照片/渐变图底与控件自述底只 NOTE；临界带（≥0.9×阈值）只 NOTE。
[OK] 全部 PASS，可以交付。
  check_all exit = 0
