== compose (1024x600) ==
  行高 60 ｜ 字号 {'h1': 28, 'h2': 20, 'b1': 16, 'b2': 14} ｜ 圆角 6 ｜ 图标底/图标 36/24 ｜ 箭头 24x16 ｜ 内容 2288 → 视口 452
  图标来源：components/icons（12 处 ｜ 档位 24 档 ×6、56 档 ×6 ｜ 6 种 名×尺寸×态 组合）
      arrow-left   → control.arrow-left       32px（24 档）state=-
      check        → control.check            32px（24 档）state=-
      loader       → control.loader           24px（24 档）state=-
      photo        → system.photo             56px（56 档）state=-
      refresh      → system.refresh           32px（24 档）state=-
      settings     → system.settings          32px（24 档）state=-
  回退线框 0 处（全部图标来自 components/icons ✓）
  [NOTE] toolbar 固定带 72 px 占标题带位置 → 标题带 76，视口重算为 452
  [NOTE] 内容总高 2288 > 视口 452 → 自动上滑动窗口（行程 1836 px，dragMaxDis=60）
  [NOTE] 固定带自检：内容有效底 528 ≤ 底栏上沿 528（最靠下内容节点 ScrollMain 0,76..1024,528；最靠下行/卡底 ChartCard3Bg 16,348..1008,528（超出视口部分被引擎裁掉））｜ 相交 0 对
  btn_primary_164x44.png  164x44
  btn_secondary_164x44.png  164x44
  card_992x108.png  992x108
  card_992x132.png  992x132
  card_992x180.png  992x180
  card_992x256.png  992x256
  cb_32_off.png  32x32
  cb_32_on.png  32x32
  chart_bar_960x132.png  960x132
  chart_line_960x132.png  960x132
  chev_24x16.png  24x16
  footbg_1024x72.png  1024x72
  ic_arrow-left_32.png                     32x32  [components/icons control.arrow-left · 24档 · generated]
  ic_back_32.png                           32x32  [components/icons control.arrow-left · 24档 · generated]
  ic_check_32.png                          32x32  [components/icons control.check · 24档 · generated]
  ic_loader_24.png                         24x24  [components/icons control.loader · 24档 · prebuilt+recolor]
  ic_photo_56.png                          56x56  [components/icons system.photo · 56档 · prebuilt+recolor]
  ic_refresh_32.png                        32x32  [components/icons system.refresh · 24档 · generated]
  ic_settings_32.png                       32x32  [components/icons system.settings · 24档 · generated]
  key_325x96.png  325x96
  key_326x96.png  326x96
  keybrand_326x96.png  326x96
  sep_960x1.png  960x1
  skel_576x16.png  576x16
  skel_960x16.png  960x16
  sw_80x44_on.png  80x44
  swk_40.png  40x40
  thumb_320x212.png  320x212
  toolbg_1024x72.png  1024x72
  出图 29 张 → C:\Users\zkswe\.openclaw\workspace\tools\FlyThings_mcp_open\templates\ui_blocks\examples\complex_1024x600\project\resources\images
  logic 骨架 → C:\Users\zkswe\.openclaw\workspace\tools\FlyThings_mcp_open\templates\ui_blocks\examples\complex_1024x600\project\src\logic\mainLogic.cc（27 个按钮回调 + 1 个输入框回调）
  → C:\Users\zkswe\.openclaw\workspace\tools\FlyThings_mcp_open\templates\ui_blocks\examples\complex_1024x600\project\ui\main.json
  控件：顶层 6 个键 ｜ 含嵌套共 128 个控件
-- render --
========================================================================
json2img v0.1.0 — 引擎等价离线渲染（PIL 像素级，静止态）
========================================================================
[render] page=main       json=tools\FlyThings_mcp_open\templates\ui_blocks\examples\complex_1024x600\project\ui\main.json
          out=C:\Users\zkswe\.openclaw\workspace\tools\FlyThings_mcp_open\templates\ui_blocks\examples\complex_1024x600\project\ui\main.render.png  size=1024x600  resolution=1024x600  scale=1
          font=C:\Users\zkswe\.openclaw\workspace\tools\FlyThings_mcp_open\components\fonts\fonts\zkswe-hans-common.ttf
          [OK] 尺寸 == resolution × scale
------------------------------------------------------------------------
[unsupported/降级] 1 类：
   - textview       bold                   x6    无 *Bold*.ttf 变体 → 用同字体
     pages: main
     例: textview/Toolbar1Title, textview/ChartCard2Title, textview/ChartCard3Title, textview/SectionHeader4
------------------------------------------------------------------------
[校准状态] alignment（模式 --align-mode measured）
   实测表（真机验证）：36=靠左+垂直居中 37=居中 38=靠右+垂直居中 33=顶部 41=底部
     [measured]     36  → ('l', 'c')   x19
     [measured]     37  → ('c', 'c')   x27
     [measured]     38  → ('r', 'c')   x4
   TODO 待校准（无真机表）：4/5/0/1/6/2 —— 本模式解码：
   合计：实测 50 处 / 待校准 0 处 / 表外 0 处
  渲染图 main.render.png 1024x600 ｜ 尺寸 == resolution: True
-- check_all --
  [NOTE] keybrand_326x96.png              未登记资产：按 rules.unknown_policy 只 NOTE、不判 FAIL；请在 standard §7.1 分类表补登记
  [NOTE] sep_960x1.png                    未登记资产：按 rules.unknown_policy 只 NOTE、不判 FAIL；请在 standard §7.1 分类表补登记
  [NOTE] skel_576x16.png                  未登记资产：按 rules.unknown_policy 只 NOTE、不判 FAIL；请在 standard §7.1 分类表补登记
  [NOTE] skel_960x16.png                  未登记资产：按 rules.unknown_policy 只 NOTE、不判 FAIL；请在 standard §7.1 分类表补登记
  [NOTE] swk_40.png                       未登记资产：按 rules.unknown_policy 只 NOTE、不判 FAIL；请在 standard §7.1 分类表补登记
  [NOTE] thumb_320x212.png                未登记资产：按 rules.unknown_policy 只 NOTE、不判 FAIL；请在 standard §7.1 分类表补登记
  [NOTE] toolbg_1024x72.png               未登记资产：按 rules.unknown_policy 只 NOTE、不判 FAIL；请在 standard §7.1 分类表补登记
== 24. 颜色值 0（不透明黑）误用（委派 tools/qa/zero_color_audit.py --fail；0 token 有退出码）==
       references/kb/image-gen-standard.md §7.6：未登记豁免 → FAIL；命中
== 25. 弧线过渡质量（9-patch 圆角 AA；委派 tools/qa/corner_audit.py --arc-only --fail）==
       要求 min_cov ≤ 0.35 且 ≤0.35 的个数 ≥ 2（成组出现）；否则 = 过渡被压进 1px 硬阶梯 → FAIL。
  [NOTE] btn_primary_164x44.png           未登记资产（按 unknown_policy：只 NOTE、不判 FAIL）
  [NOTE] btn_secondary_164x44.png         未登记资产（按 unknown_policy：只 NOTE、不判 FAIL）
  [NOTE] card_992x108.png                 未登记资产（按 unknown_policy：只 NOTE、不判 FAIL）
  [NOTE] card_992x132.png                 未登记资产（按 unknown_policy：只 NOTE、不判 FAIL）
  [NOTE] card_992x180.png                 未登记资产（按 unknown_policy：只 NOTE、不判 FAIL）
  [NOTE] card_992x256.png                 未登记资产（按 unknown_policy：只 NOTE、不判 FAIL）
== 26. scrollwindow 行程核对（行程 = 内层 window − 视口，**不读 dragMaxDis**）==
== 27. 同族控件口径离群 / 文本×图标重叠（设计期拦截；钟工 2026-10-01）==
== 28. UTF-8 文本陷阱（src 静态扫描；钟工 2026-10-01）==
== 29. 显示件吃掉下层触摸（装饰件漏设穿透；钟工 2026-10-01）==
       → 同一 json 内 caption 出现 ≥2 次即 FAIL，并列出「哪个 caption、几次、在哪几个控件」。
== 34. 文本对比度（字色 vs 实际底色；不足 → FAIL；钟工 2026-10-01）==
       σ≤6）不足 → FAIL；照片/渐变图底与控件自述底只 NOTE；临界带（≥0.9×阈值）只 NOTE。
[OK] 全部 PASS，可以交付。
  check_all exit = 0
